Archive member included to satisfy reference by file (symbol)

/home/pedro/chipyard/riscv-tools-install/bin/../lib/gcc/riscv32-unknown-elf/9.2.0/rv32imac/ilp32/libgcc.a(_udivdi3.o)
                              /home/pedro/Desktop/RIOT-Test-Arty/tests/hello-world/bin/hifive1/sifive_drivers_fe310/prci_driver.o (__udivdi3)
/home/pedro/chipyard/riscv-tools-install/bin/../lib/gcc/riscv32-unknown-elf/9.2.0/rv32imac/ilp32/libgcc.a(_clz.o)
                              /home/pedro/chipyard/riscv-tools-install/bin/../lib/gcc/riscv32-unknown-elf/9.2.0/rv32imac/ilp32/libgcc.a(_udivdi3.o) (__clz_tab)
/home/pedro/chipyard/riscv-tools-install/bin/../lib/gcc/riscv32-unknown-elf/9.2.0/../../../../riscv32-unknown-elf/lib/rv32imac/ilp32/libc.a(lib_a-div.o)
                              /home/pedro/Desktop/RIOT-Test-Arty/tests/hello-world/bin/hifive1/periph_common/rtc.o (div)
/home/pedro/chipyard/riscv-tools-install/bin/../lib/gcc/riscv32-unknown-elf/9.2.0/../../../../riscv32-unknown-elf/lib/rv32imac/ilp32/libc.a(lib_a-init.o)
                              /home/pedro/Desktop/RIOT-Test-Arty/tests/hello-world/bin/hifive1/riscv_common/start.o (__libc_init_array)
/home/pedro/chipyard/riscv-tools-install/bin/../lib/gcc/riscv32-unknown-elf/9.2.0/../../../../riscv32-unknown-elf/lib/rv32imac/ilp32/libc.a(lib_a-malloc.o)
                              /home/pedro/Desktop/RIOT-Test-Arty/tests/hello-world/bin/hifive1/malloc_thread_safe/malloc_wrappers.o (malloc)
/home/pedro/chipyard/riscv-tools-install/bin/../lib/gcc/riscv32-unknown-elf/9.2.0/../../../../riscv32-unknown-elf/lib/rv32imac/ilp32/libc.a(lib_a-mallocr.o)
                              /home/pedro/chipyard/riscv-tools-install/bin/../lib/gcc/riscv32-unknown-elf/9.2.0/../../../../riscv32-unknown-elf/lib/rv32imac/ilp32/libc.a(lib_a-malloc.o) (_malloc_r)
/home/pedro/chipyard/riscv-tools-install/bin/../lib/gcc/riscv32-unknown-elf/9.2.0/../../../../riscv32-unknown-elf/lib/rv32imac/ilp32/libc.a(lib_a-memcmp.o)
                              /home/pedro/Desktop/RIOT-Test-Arty/tests/hello-world/bin/hifive1/core/atomic_c11.o (memcmp)
/home/pedro/chipyard/riscv-tools-install/bin/../lib/gcc/riscv32-unknown-elf/9.2.0/../../../../riscv32-unknown-elf/lib/rv32imac/ilp32/libc.a(lib_a-memcpy.o)
                              /home/pedro/Desktop/RIOT-Test-Arty/tests/hello-world/bin/hifive1/core/atomic_c11.o (memcpy)
/home/pedro/chipyard/riscv-tools-install/bin/../lib/gcc/riscv32-unknown-elf/9.2.0/../../../../riscv32-unknown-elf/lib/rv32imac/ilp32/libc.a(lib_a-memset.o)
                              /home/pedro/Desktop/RIOT-Test-Arty/tests/hello-world/bin/hifive1/malloc_thread_safe/malloc_wrappers.o (memset)
/home/pedro/chipyard/riscv-tools-install/bin/../lib/gcc/riscv32-unknown-elf/9.2.0/../../../../riscv32-unknown-elf/lib/rv32imac/ilp32/libc.a(lib_a-mlock.o)
                              /home/pedro/chipyard/riscv-tools-install/bin/../lib/gcc/riscv32-unknown-elf/9.2.0/../../../../riscv32-unknown-elf/lib/rv32imac/ilp32/libc.a(lib_a-mallocr.o) (__malloc_lock)
/home/pedro/chipyard/riscv-tools-install/bin/../lib/gcc/riscv32-unknown-elf/9.2.0/../../../../riscv32-unknown-elf/lib/rv32imac/ilp32/libc.a(lib_a-mstats.o)
                              /home/pedro/Desktop/RIOT-Test-Arty/tests/hello-world/bin/hifive1/riscv_common/thread_arch.o (mallinfo)
/home/pedro/chipyard/riscv-tools-install/bin/../lib/gcc/riscv32-unknown-elf/9.2.0/../../../../riscv32-unknown-elf/lib/rv32imac/ilp32/libc.a(lib_a-printf.o)
                              /home/pedro/Desktop/RIOT-Test-Arty/tests/hello-world/bin/hifive1/core/msg.o (printf)
/home/pedro/chipyard/riscv-tools-install/bin/../lib/gcc/riscv32-unknown-elf/9.2.0/../../../../riscv32-unknown-elf/lib/rv32imac/ilp32/libc.a(lib_a-puts.o)
                              /home/pedro/Desktop/RIOT-Test-Arty/tests/hello-world/bin/hifive1/application_hello-world/main.o (puts)
/home/pedro/chipyard/riscv-tools-install/bin/../lib/gcc/riscv32-unknown-elf/9.2.0/../../../../riscv32-unknown-elf/lib/rv32imac/ilp32/libc.a(lib_a-realloc.o)
                              /home/pedro/Desktop/RIOT-Test-Arty/tests/hello-world/bin/hifive1/malloc_thread_safe/malloc_wrappers.o (realloc)
/home/pedro/chipyard/riscv-tools-install/bin/../lib/gcc/riscv32-unknown-elf/9.2.0/../../../../riscv32-unknown-elf/lib/rv32imac/ilp32/libc.a(lib_a-reallocr.o)
                              /home/pedro/chipyard/riscv-tools-install/bin/../lib/gcc/riscv32-unknown-elf/9.2.0/../../../../riscv32-unknown-elf/lib/rv32imac/ilp32/libc.a(lib_a-realloc.o) (_realloc_r)
/home/pedro/chipyard/riscv-tools-install/bin/../lib/gcc/riscv32-unknown-elf/9.2.0/../../../../riscv32-unknown-elf/lib/rv32imac/ilp32/libc.a(lib_a-sbrkr.o)
                              /home/pedro/chipyard/riscv-tools-install/bin/../lib/gcc/riscv32-unknown-elf/9.2.0/../../../../riscv32-unknown-elf/lib/rv32imac/ilp32/libc.a(lib_a-mallocr.o) (_sbrk_r)
[...]
Memory Configuration

Name             Origin             Length             Attributes
flash            0x0000000020400000 0x000000001fc00000 axrl !w
ram              0x0000000080000000 0x0000000000004000 axw !rl
itim             0x0000000000000000 0x0000000000000000 axw !rl
*default*        0x0000000000000000 0xffffffffffffffff

Linker script and memory map

LOAD /home/pedro/Desktop/RIOT-Test-Arty/tests/hello-world/bin/hifive1/application_hello-world/main.o
LOAD /home/pedro/Desktop/RIOT-Test-Arty/tests/hello-world/bin/hifive1/auto_init/auto_init.o
LOAD /home/pedro/Desktop/RIOT-Test-Arty/tests/hello-world/bin/hifive1/board/board.o
LOAD /home/pedro/Desktop/RIOT-Test-Arty/tests/hello-world/bin/hifive1/core/assert.o
LOAD /home/pedro/Desktop/RIOT-Test-Arty/tests/hello-world/bin/hifive1/core/atomic_c11.o
LOAD /home/pedro/Desktop/RIOT-Test-Arty/tests/hello-world/bin/hifive1/core/atomic_sync.o
LOAD /home/pedro/Desktop/RIOT-Test-Arty/tests/hello-world/bin/hifive1/core/bitarithm.o
LOAD /home/pedro/Desktop/RIOT-Test-Arty/tests/hello-world/bin/hifive1/core/clist.o
LOAD /home/pedro/Desktop/RIOT-Test-Arty/tests/hello-world/bin/hifive1/core/cond.o
LOAD /home/pedro/Desktop/RIOT-Test-Arty/tests/hello-world/bin/hifive1/core/init.o
LOAD /home/pedro/Desktop/RIOT-Test-Arty/tests/hello-world/bin/hifive1/core/msg.o
LOAD /home/pedro/Desktop/RIOT-Test-Arty/tests/hello-world/bin/hifive1/core/mutex.o
LOAD /home/pedro/Desktop/RIOT-Test-Arty/tests/hello-world/bin/hifive1/core/panic.o
LOAD /home/pedro/Desktop/RIOT-Test-Arty/tests/hello-world/bin/hifive1/core/priority_queue.o
LOAD /home/pedro/Desktop/RIOT-Test-Arty/tests/hello-world/bin/hifive1/core/ringbuffer.o
LOAD /home/pedro/Desktop/RIOT-Test-Arty/tests/hello-world/bin/hifive1/core/rmutex.o
LOAD /home/pedro/Desktop/RIOT-Test-Arty/tests/hello-world/bin/hifive1/core/sched.o
LOAD /home/pedro/Desktop/RIOT-Test-Arty/tests/hello-world/bin/hifive1/core/thread.o
LOAD /home/pedro/Desktop/RIOT-Test-Arty/tests/hello-world/bin/hifive1/cpu/clock.o
LOAD /home/pedro/Desktop/RIOT-Test-Arty/tests/hello-world/bin/hifive1/cpu/cpu.o
LOAD /home/pedro/Desktop/RIOT-Test-Arty/tests/hello-world/bin/hifive1/malloc_thread_safe/malloc_wrappers.o
LOAD /home/pedro/Desktop/RIOT-Test-Arty/tests/hello-world/bin/hifive1/periph_common/cpuid.o
LOAD /home/pedro/Desktop/RIOT-Test-Arty/tests/hello-world/bin/hifive1/periph_common/eeprom.o
LOAD /home/pedro/Desktop/RIOT-Test-Arty/tests/hello-world/bin/hifive1/periph_common/flashpage.o
LOAD /home/pedro/Desktop/RIOT-Test-Arty/tests/hello-world/bin/hifive1/periph_common/gpio_util.o
LOAD /home/pedro/Desktop/RIOT-Test-Arty/tests/hello-world/bin/hifive1/periph_common/i2c.o
LOAD /home/pedro/Desktop/RIOT-Test-Arty/tests/hello-world/bin/hifive1/periph_common/init.o
LOAD /home/pedro/Desktop/RIOT-Test-Arty/tests/hello-world/bin/hifive1/periph_common/pm.o
LOAD /home/pedro/Desktop/RIOT-Test-Arty/tests/hello-world/bin/hifive1/periph_common/ptp.o
LOAD /home/pedro/Desktop/RIOT-Test-Arty/tests/hello-world/bin/hifive1/periph_common/rtc.o
LOAD /home/pedro/Desktop/RIOT-Test-Arty/tests/hello-world/bin/hifive1/periph_common/spi.o
LOAD /home/pedro/Desktop/RIOT-Test-Arty/tests/hello-world/bin/hifive1/periph_common/timer.o
LOAD /home/pedro/Desktop/RIOT-Test-Arty/tests/hello-world/bin/hifive1/periph/gpio.o
LOAD /home/pedro/Desktop/RIOT-Test-Arty/tests/hello-world/bin/hifive1/periph/pm.o
LOAD /home/pedro/Desktop/RIOT-Test-Arty/tests/hello-world/bin/hifive1/periph/spi.o
LOAD /home/pedro/Desktop/RIOT-Test-Arty/tests/hello-world/bin/hifive1/riscv_common/context_frame.o
LOAD /home/pedro/Desktop/RIOT-Test-Arty/tests/hello-world/bin/hifive1/riscv_common/irq_arch.o
LOAD /home/pedro/Desktop/RIOT-Test-Arty/tests/hello-world/bin/hifive1/riscv_common/panic.o
LOAD /home/pedro/Desktop/RIOT-Test-Arty/tests/hello-world/bin/hifive1/riscv_common_periph/plic.o
LOAD /home/pedro/Desktop/RIOT-Test-Arty/tests/hello-world/bin/hifive1/riscv_common/riscv_init.o
LOAD /home/pedro/Desktop/RIOT-Test-Arty/tests/hello-world/bin/hifive1/riscv_common/start.o
LOAD /home/pedro/Desktop/RIOT-Test-Arty/tests/hello-world/bin/hifive1/riscv_common/thread_arch.o
LOAD /home/pedro/Desktop/RIOT-Test-Arty/tests/hello-world/bin/hifive1/sifive_drivers_fe310/prci_driver.o
LOAD /home/pedro/chipyard/riscv-tools-install/bin/../lib/gcc/riscv32-unknown-elf/9.2.0/../../../../riscv32-unknown-elf/lib/rv32imac/ilp32/libm.a
                0x0000000020400000                _rom_start_addr = 0x20400000
                0x0000000080000000                _ram_start_addr = 0x80000000
                0x000000001fc00000                _rom_length = 0x1fc00000
                0x0000000000004000                _ram_length = 0x4000
LOAD /home/pedro/chipyard/riscv-tools-install/bin/../lib/gcc/riscv32-unknown-elf/9.2.0/rv32imac/ilp32/libgcc.a
LOAD /home/pedro/chipyard/riscv-tools-install/bin/../lib/gcc/riscv32-unknown-elf/9.2.0/rv32imac/ilp32/libgcc.a
START GROUP
LOAD /home/pedro/chipyard/riscv-tools-install/bin/../lib/gcc/riscv32-unknown-elf/9.2.0/../../../../riscv32-unknown-elf/lib/rv32imac/ilp32/libc.a
LOAD /home/pedro/chipyard/riscv-tools-install/bin/../lib/gcc/riscv32-unknown-elf/9.2.0/../../../../riscv32-unknown-elf/lib/rv32imac/ilp32/libgloss.a
END GROUP
LOAD /home/pedro/chipyard/riscv-tools-install/bin/../lib/gcc/riscv32-unknown-elf/9.2.0/rv32imac/ilp32/libgcc.a
                0x0000000000000000                _itim_start_addr = DEFINED (_itim_start_addr)?_itim_start_addr:0x0
                0x0000000000000000                _itim_length = DEFINED (_itim_length)?_itim_length:0x0
                0x0000000000000100                __stack_size = DEFINED (__stack_size)?__stack_size:0x100

.init           0x0000000020400000       0x56
 *(SORT_NONE(.init))
 .init          0x0000000020400000       0x56 /home/pedro/Desktop/RIOT-Test-Arty/tests/hello-world/bin/hifive1/riscv_common/start.o
                0x0000000020400000                _start

.text           0x0000000020400056     0x246a
 *(.text.unlikely .text.unlikely.*)
 *(.text.startup .text.startup.*)
 .text.startup.main
                0x0000000020400056       0x18 /home/pedro/Desktop/RIOT-Test-Arty/tests/hello-world/bin/hifive1/application_hello-world/main.o
                0x0000000020400056                main
 *(.text .text.*)
 .text.auto_init
                0x000000002040006e        0x2 /home/pedro/Desktop/RIOT-Test-Arty/tests/hello-world/bin/hifive1/auto_init/auto_init.o
                0x000000002040006e                auto_init
 .text.board_init
                0x0000000020400070       0x26 /home/pedro/Desktop/RIOT-Test-Arty/tests/hello-world/bin/hifive1/board/board.o
                0x0000000020400070                board_init
 .text.main_trampoline
                0x0000000020400096       0x1c /home/pedro/Desktop/RIOT-Test-Arty/tests/hello-world/bin/hifive1/core/init.o
 .text.idle_thread
                0x00000000204000b2        0x8 /home/pedro/Desktop/RIOT-Test-Arty/tests/hello-world/bin/hifive1/core/init.o
 .text.kernel_init
                0x00000000204000ba       0x4a /home/pedro/Desktop/RIOT-Test-Arty/tests/hello-world/bin/hifive1/core/init.o
                0x00000000204000ba                kernel_init
 .text.sched_set_status
                0x0000000020400104       0x92 /home/pedro/Desktop/RIOT-Test-Arty/tests/hello-world/bin/hifive1/core/sched.o
                0x0000000020400104                sched_set_status
 .text.sched_switch
                0x0000000020400196       0x36 /home/pedro/Desktop/RIOT-Test-Arty/tests/hello-world/bin/hifive1/core/sched.o
                0x0000000020400196                sched_switch
 .text.sched_task_exit
                0x00000000204001cc       0x3a /home/pedro/Desktop/RIOT-Test-Arty/tests/hello-world/bin/hifive1/core/sched.o
                0x00000000204001cc                sched_task_exit
 .text.thread_create
                0x0000000020400206      0x116 /home/pedro/Desktop/RIOT-Test-Arty/tests/hello-world/bin/hifive1/core/thread.o
                0x0000000020400206                thread_create
 .text.gpio_init
                0x000000002040031c       0xa4 /home/pedro/Desktop/RIOT-Test-Arty/tests/hello-world/bin/hifive1/periph/gpio.o
                0x000000002040031c                gpio_init
 .text.gpio_set
                0x00000000204003c0       0x12 /home/pedro/Desktop/RIOT-Test-Arty/tests/hello-world/bin/hifive1/periph/gpio.o
                0x00000000204003c0                gpio_set
 .text.pm_set_lowest
                0x00000000204003d2        0x6 /home/pedro/Desktop/RIOT-Test-Arty/tests/hello-world/bin/hifive1/periph/pm.o
                0x00000000204003d2                pm_set_lowest
 .text.thread_stack_init
                0x00000000204003d8       0x46 /home/pedro/Desktop/RIOT-Test-Arty/tests/hello-world/bin/hifive1/riscv_common/thread_arch.o
                0x00000000204003d8                thread_stack_init
 .text.cpu_switch_context_exit
                0x000000002040041e       0x1e /home/pedro/Desktop/RIOT-Test-Arty/tests/hello-world/bin/hifive1/riscv_common/thread_arch.o
                0x000000002040041e                cpu_switch_context_exit
 .text          0x000000002040043c       0x6a /home/pedro/chipyard/riscv-tools-install/bin/../lib/gcc/riscv32-unknown-elf/9.2.0/../../../../riscv32-unknown-elf/lib/rv32imac/ilp32/libc.a(lib_a-init.o)
                0x000000002040043c                __libc_init_array
 .text          0x00000000204004a6      0x5bc /home/pedro/chipyard/riscv-tools-install/bin/../lib/gcc/riscv32-unknown-elf/9.2.0/../../../../riscv32-unknown-elf/lib/rv32imac/ilp32/libc.a(lib_a-mallocr.o)
                0x00000000204004a6                _malloc_r
 .text          0x0000000020400a62       0xde /home/pedro/chipyard/riscv-tools-install/bin/../lib/gcc/riscv32-unknown-elf/9.2.0/../../../../riscv32-unknown-elf/lib/rv32imac/ilp32/libc.a(lib_a-memcpy.o)
                0x0000000020400a62                memcpy
 .text          0x0000000020400b40       0xa8 /home/pedro/chipyard/riscv-tools-install/bin/../lib/gcc/riscv32-unknown-elf/9.2.0/../../../../riscv32-unknown-elf/lib/rv32imac/ilp32/libc.a(lib_a-memset.o)
                0x0000000020400b40                memset
 .text          0x0000000020400be8        0x4 /home/pedro/chipyard/riscv-tools-install/bin/../lib/gcc/riscv32-unknown-elf/9.2.0/../../../../riscv32-unknown-elf/lib/rv32imac/ilp32/libc.a(lib_a-mlock.o)
                0x0000000020400be8                __malloc_lock
                0x0000000020400bea                __malloc_unlock
 .text          0x0000000020400bec       0x8a /home/pedro/chipyard/riscv-tools-install/bin/../lib/gcc/riscv32-unknown-elf/9.2.0/../../../../riscv32-unknown-elf/lib/rv32imac/ilp32/libc.a(lib_a-puts.o)
                0x0000000020400bec                _puts_r
                0x0000000020400c6a                puts
 .text          0x0000000020400c76      0x3e4 /home/pedro/chipyard/riscv-tools-install/bin/../lib/gcc/riscv32-unknown-elf/9.2.0/../../../../riscv32-unknown-elf/lib/rv32imac/ilp32/libc.a(lib_a-reallocr.o)
                0x0000000020400c76                _realloc_r
 .text          0x000000002040105a       0x30 /home/pedro/chipyard/riscv-tools-install/bin/../lib/gcc/riscv32-unknown-elf/9.2.0/../../../../riscv32-unknown-elf/lib/rv32imac/ilp32/libc.a(lib_a-sbrkr.o)
                0x000000002040105a                _sbrk_r
 .text          0x000000002040108a       0x62 /home/pedro/chipyard/riscv-tools-install/bin/../lib/gcc/riscv32-unknown-elf/9.2.0/../../../../riscv32-unknown-elf/lib/rv32imac/ilp32/libc.a(lib_a-strlen.o)
                0x000000002040108a                strlen
 .text          0x00000000204010ec       0xee /home/pedro/chipyard/riscv-tools-install/bin/../lib/gcc/riscv32-unknown-elf/9.2.0/../../../../riscv32-unknown-elf/lib/rv32imac/ilp32/libc.a(lib_a-wsetup.o)
                0x00000000204010ec                __swsetup_r
 .text          0x00000000204011da      0x1e8 /home/pedro/chipyard/riscv-tools-install/bin/../lib/gcc/riscv32-unknown-elf/9.2.0/../../../../riscv32-unknown-elf/lib/rv32imac/ilp32/libc.a(lib_a-fflush.o)
                0x00000000204011da                __sflush_r
                0x0000000020401370                _fflush_r
                0x00000000204013a4                fflush
 .text          0x00000000204013c2      0x284 /home/pedro/chipyard/riscv-tools-install/bin/../lib/gcc/riscv32-unknown-elf/9.2.0/../../../../riscv32-unknown-elf/lib/rv32imac/ilp32/libc.a(lib_a-findfp.o)
                0x00000000204013c6                _cleanup_r
                0x000000002040150a                __sfmoreglue
                0x0000000020401552                __sfp
                0x0000000020401604                _cleanup
                0x0000000020401612                __sinit
                0x000000002040161a                __sfp_lock_acquire
                0x000000002040161c                __sfp_lock_release
                0x000000002040161e                __sinit_lock_acquire
                0x0000000020401620                __sinit_lock_release
                0x0000000020401622                __fp_lock_all
                0x0000000020401634                __fp_unlock_all
 .text          0x0000000020401646      0x302 /home/pedro/chipyard/riscv-tools-install/bin/../lib/gcc/riscv32-unknown-elf/9.2.0/../../../../riscv32-unknown-elf/lib/rv32imac/ilp32/libc.a(lib_a-freer.o)
                0x0000000020401646                _malloc_trim_r
                0x0000000020401718                _free_r
 .text          0x0000000020401948      0x32e /home/pedro/chipyard/riscv-tools-install/bin/../lib/gcc/riscv32-unknown-elf/9.2.0/../../../../riscv32-unknown-elf/lib/rv32imac/ilp32/libc.a(lib_a-fvwrite.o)
                0x0000000020401948                __sfvwrite_r
 .text          0x0000000020401c76       0xe0 /home/pedro/chipyard/riscv-tools-install/bin/../lib/gcc/riscv32-unknown-elf/9.2.0/../../../../riscv32-unknown-elf/lib/rv32imac/ilp32/libc.a(lib_a-fwalk.o)
                0x0000000020401c76                _fwalk
                0x0000000020401ce2                _fwalk_reent
 .text          0x0000000020401d56      0x136 /home/pedro/chipyard/riscv-tools-install/bin/../lib/gcc/riscv32-unknown-elf/9.2.0/../../../../riscv32-unknown-elf/lib/rv32imac/ilp32/libc.a(lib_a-makebuf.o)
                0x0000000020401d56                __swhatbuf_r
                0x0000000020401dd6                __smakebuf_r
 .text          0x0000000020401e8c       0x9c /home/pedro/chipyard/riscv-tools-install/bin/../lib/gcc/riscv32-unknown-elf/9.2.0/../../../../riscv32-unknown-elf/lib/rv32imac/ilp32/libc.a(lib_a-memchr.o)
                0x0000000020401e8c                memchr
 .text          0x0000000020401f28       0xd0 /home/pedro/chipyard/riscv-tools-install/bin/../lib/gcc/riscv32-unknown-elf/9.2.0/../../../../riscv32-unknown-elf/lib/rv32imac/ilp32/libc.a(lib_a-memmove-stub.o)
                0x0000000020401f28                memmove
 .text          0x0000000020401ff8       0xd0 /home/pedro/chipyard/riscv-tools-install/bin/../lib/gcc/riscv32-unknown-elf/9.2.0/../../../../riscv32-unknown-elf/lib/rv32imac/ilp32/libc.a(lib_a-stdio.o)
                0x0000000020401ff8                __sread
                0x000000002040202e                __seofread
                0x0000000020402032                __swrite
                0x0000000020402082                __sseek
                0x00000000204020c2                __sclose
 .text          0x00000000204020c8       0x34 /home/pedro/chipyard/riscv-tools-install/bin/../lib/gcc/riscv32-unknown-elf/9.2.0/../../../../riscv32-unknown-elf/lib/rv32imac/ilp32/libc.a(lib_a-writer.o)
                0x00000000204020c8                _write_r
 .text          0x00000000204020fc       0x2e /home/pedro/chipyard/riscv-tools-install/bin/../lib/gcc/riscv32-unknown-elf/9.2.0/../../../../riscv32-unknown-elf/lib/rv32imac/ilp32/libc.a(lib_a-closer.o)
                0x00000000204020fc                _close_r
 .text          0x000000002040212a       0xba /home/pedro/chipyard/riscv-tools-install/bin/../lib/gcc/riscv32-unknown-elf/9.2.0/../../../../riscv32-unknown-elf/lib/rv32imac/ilp32/libc.a(lib_a-fclose.o)
                0x000000002040212a                _fclose_r
                0x00000000204021d8                fclose
 .text          0x00000000204021e4       0x32 /home/pedro/chipyard/riscv-tools-install/bin/../lib/gcc/riscv32-unknown-elf/9.2.0/../../../../riscv32-unknown-elf/lib/rv32imac/ilp32/libc.a(lib_a-fstatr.o)
                0x00000000204021e4                _fstat_r
 .text          0x0000000020402216       0x2e /home/pedro/chipyard/riscv-tools-install/bin/../lib/gcc/riscv32-unknown-elf/9.2.0/../../../../riscv32-unknown-elf/lib/rv32imac/ilp32/libc.a(lib_a-isattyr.o)
                0x0000000020402216                _isatty_r
 .text          0x0000000020402244       0x34 /home/pedro/chipyard/riscv-tools-install/bin/../lib/gcc/riscv32-unknown-elf/9.2.0/../../../../riscv32-unknown-elf/lib/rv32imac/ilp32/libc.a(lib_a-lseekr.o)
                0x0000000020402244                _lseek_r
 .text          0x0000000020402278       0x34 /home/pedro/chipyard/riscv-tools-install/bin/../lib/gcc/riscv32-unknown-elf/9.2.0/../../../../riscv32-unknown-elf/lib/rv32imac/ilp32/libc.a(lib_a-readr.o)
                0x0000000020402278                _read_r
 .text          0x00000000204022ac       0x34 /home/pedro/chipyard/riscv-tools-install/bin/../lib/gcc/riscv32-unknown-elf/9.2.0/../../../../riscv32-unknown-elf/lib/rv32imac/ilp32/libgloss.a(sys_close.o)
                0x00000000204022ac                _close
 .text          0x00000000204022e0       0x40 /home/pedro/chipyard/riscv-tools-install/bin/../lib/gcc/riscv32-unknown-elf/9.2.0/../../../../riscv32-unknown-elf/lib/rv32imac/ilp32/libgloss.a(sys_fstat.o)
                0x00000000204022e0                _fstat
 .text          0x0000000020402320       0x22 /home/pedro/chipyard/riscv-tools-install/bin/../lib/gcc/riscv32-unknown-elf/9.2.0/../../../../riscv32-unknown-elf/lib/rv32imac/ilp32/libgloss.a(sys_isatty.o)
                0x0000000020402320                _isatty
 .text          0x0000000020402342       0x30 /home/pedro/chipyard/riscv-tools-install/bin/../lib/gcc/riscv32-unknown-elf/9.2.0/../../../../riscv32-unknown-elf/lib/rv32imac/ilp32/libgloss.a(sys_lseek.o)
                0x0000000020402342                _lseek
 .text          0x0000000020402372       0x30 /home/pedro/chipyard/riscv-tools-install/bin/../lib/gcc/riscv32-unknown-elf/9.2.0/../../../../riscv32-unknown-elf/lib/rv32imac/ilp32/libgloss.a(sys_read.o)
                0x0000000020402372                _read
 .text          0x00000000204023a2       0x68 /home/pedro/chipyard/riscv-tools-install/bin/../lib/gcc/riscv32-unknown-elf/9.2.0/../../../../riscv32-unknown-elf/lib/rv32imac/ilp32/libgloss.a(sys_sbrk.o)
                0x00000000204023a2                _sbrk
 .text          0x000000002040240a       0x30 /home/pedro/chipyard/riscv-tools-install/bin/../lib/gcc/riscv32-unknown-elf/9.2.0/../../../../riscv32-unknown-elf/lib/rv32imac/ilp32/libgloss.a(sys_write.o)
                0x000000002040240a                _write
 .text          0x000000002040243a       0x7c /home/pedro/chipyard/riscv-tools-install/bin/../lib/gcc/riscv32-unknown-elf/9.2.0/../../../../riscv32-unknown-elf/lib/rv32imac/ilp32/libgloss.a(sys_conv_stat.o)
                0x000000002040243a                _conv_stat
 .text          0x00000000204024b6        0xa /home/pedro/chipyard/riscv-tools-install/bin/../lib/gcc/riscv32-unknown-elf/9.2.0/../../../../riscv32-unknown-elf/lib/rv32imac/ilp32/libc.a(lib_a-errno.o)
                0x00000000204024b6                __errno
 *(.gnu.linkonce.t.*)

.fini
 *(SORT_NONE(.fini))
                [!provide]                        PROVIDE (__etext = .)
                [!provide]                        PROVIDE (_etext = .)
                [!provide]                        PROVIDE (etext = .)

.rodata         0x00000000204024c0       0x70
 *(.rdata)
 *(.rodata .rodata.*)
 .rodata.main.str1.1
                0x00000000204024c0        0x9 /home/pedro/Desktop/RIOT-Test-Arty/tests/hello-world/bin/hifive1/application_hello-world/main.o
 .rodata.main_trampoline.str1.1
                0x00000000204024c9       0x58 /home/pedro/Desktop/RIOT-Test-Arty/tests/hello-world/bin/hifive1/core/init.o
 .rodata.kernel_init.str1.1
                0x0000000020402521        0xa /home/pedro/Desktop/RIOT-Test-Arty/tests/hello-world/bin/hifive1/core/init.o
 *fill*         0x000000002040252b        0x1 
 .rodata.str1.4
                0x000000002040252c        0x4 /home/pedro/chipyard/riscv-tools-install/bin/../lib/gcc/riscv32-unknown-elf/9.2.0/../../../../riscv32-unknown-elf/lib/rv32imac/ilp32/libc.a(lib_a-puts.o)
                                          0x2 (size before relaxing)
 *(.gnu.linkonce.r.*)
 *(SORT_BY_NAME(.roxfa.*))

.rela.dyn       0x0000000020402530        0x0
 .rela.init     0x0000000020402530        0x0 /home/pedro/Desktop/RIOT-Test-Arty/tests/hello-world/bin/hifive1/application_hello-world/main.o
 .rela.text     0x0000000020402530        0x0 /home/pedro/Desktop/RIOT-Test-Arty/tests/hello-world/bin/hifive1/application_hello-world/main.o
                0x0000000020402530                . = ALIGN (0x4)

.preinit_array  0x0000000020402530        0x0
                0x0000000020402530                PROVIDE (__preinit_array_start = .)
 *(.preinit_array)
                0x0000000020402530                PROVIDE (__preinit_array_end = .)

.init_array     0x0000000020402530        0x0
                0x0000000020402530                PROVIDE (__init_array_start = .)
 *(SORT_BY_INIT_PRIORITY(.init_array.*) SORT_BY_INIT_PRIORITY(.ctors.*))
 *(.init_array EXCLUDE_FILE(*crtend?.o *crtend.o *crtbegin?.o *crtbegin.o) .ctors)
                0x0000000020402530                PROVIDE (__init_array_end = .)

.fini_array     0x0000000020402530        0x0
                [!provide]                        PROVIDE (__fini_array_start = .)
 *(SORT_BY_INIT_PRIORITY(.fini_array.*) SORT_BY_INIT_PRIORITY(.dtors.*))
 *(.fini_array EXCLUDE_FILE(*crtend?.o *crtend.o *crtbegin?.o *crtbegin.o) .dtors)
                [!provide]                        PROVIDE (__fini_array_end = .)

.ctors
 *crtbegin.o(.ctors)
 *crtbegin?.o(.ctors)
 *(EXCLUDE_FILE(*crtend?.o *crtend.o) .ctors)
 *(SORT_BY_NAME(.ctors.*))
 *(.ctors)

.dtors
 *crtbegin.o(.dtors)
 *crtbegin?.o(.dtors)
 *(EXCLUDE_FILE(*crtend?.o *crtend.o) .dtors)
 *(SORT_BY_NAME(.dtors.*))
 *(.dtors)

.tdata          0x0000000020402530        0x0
                0x0000000020402530                __tdata_start = .
 *(.tdata .tdata.* .gnu.linkonce.td.*)
                0x0000000020402530                __tdata_end = .
                0x0000000020402530                __tdata_source = LOADADDR (.tdata)
                0x0000000000000000                __tdata_size = SIZEOF (.tdata)

.tbss           0x0000000020402530        0x0
 *(.tbss .tbss.* .gnu.linkonce.tb.*)
 *(.tcommon)
                0x0000000020402530                __tbss_end = .
                0x0000000000000000                __tls_size = (__tbss_end - __tdata_start)
                0x0000000000000000                __tbss_size = (__tls_size - __tdata_size)

.lalign         0x0000000020402530        0x0
                0x0000000020402530                . = ALIGN (0x4)
                0x0000000020402530                PROVIDE (_data_lma = .)

.dalign         0x0000000080000000        0x0 load address 0x0000000020402530
                0x0000000080000000                . = ALIGN (0x4)
                0x0000000080000000                PROVIDE (_data = .)

.data           0x0000000080000000      0x844 load address 0x0000000020402530
 *(.ramfunc .ramfunc.*)
 *(.data .data.*)
 .data          0x0000000080000000      0x408 /home/pedro/chipyard/riscv-tools-install/bin/../lib/gcc/riscv32-unknown-elf/9.2.0/../../../../riscv32-unknown-elf/lib/rv32imac/ilp32/libc.a(lib_a-mallocr.o)
                0x0000000080000000                __malloc_av_
 .data          0x0000000080000408      0x428 /home/pedro/chipyard/riscv-tools-install/bin/../lib/gcc/riscv32-unknown-elf/9.2.0/../../../../riscv32-unknown-elf/lib/rv32imac/ilp32/libc.a(lib_a-impure.o)
 *(.gnu.linkonce.d.*)
                0x0000000080000830                . = ALIGN (0x8)
                0x0000000080001030                PROVIDE (__global_pointer$ = (. + 0x800))
 *(.sdata .sdata.*)
 .sdata         0x0000000080000830        0x8 /home/pedro/chipyard/riscv-tools-install/bin/../lib/gcc/riscv32-unknown-elf/9.2.0/../../../../riscv32-unknown-elf/lib/rv32imac/ilp32/libc.a(lib_a-mallocr.o)
                0x0000000080000830                __malloc_sbrk_base
                0x0000000080000834                __malloc_trim_threshold
 .sdata         0x0000000080000838        0x4 /home/pedro/chipyard/riscv-tools-install/bin/../lib/gcc/riscv32-unknown-elf/9.2.0/../../../../riscv32-unknown-elf/lib/rv32imac/ilp32/libc.a(lib_a-impure.o)
                0x0000000080000838                _impure_ptr
 *(.gnu.linkonce.s.*)
                0x0000000080000840                . = ALIGN (0x8)
 *fill*         0x000000008000083c        0x4 
 *(.srodata.cst16)
 *(.srodata.cst8)
 *(.srodata.cst4)
 *(.srodata.cst2)
 *(.srodata .srodata.*)
 .srodata       0x0000000080000840        0x4 /home/pedro/chipyard/riscv-tools-install/bin/../lib/gcc/riscv32-unknown-elf/9.2.0/../../../../riscv32-unknown-elf/lib/rv32imac/ilp32/libc.a(lib_a-impure.o)
                0x0000000080000840                _global_impure_ptr
 *(SORT_BY_NAME(.xfa.*))
                0x0000000080000844                . = ALIGN (0x4)
                0x0000000080000844                PROVIDE (_edata = .)
                [!provide]                        PROVIDE (edata = .)
                [!provide]                        PROVIDE (_fbss = .)
                0x0000000080000844                PROVIDE (__bss_start = .)

.bss            0x0000000080000844      0x718
 *(.sbss*)
 .sbss.runqueue_bitcache
                0x0000000080000844        0x4 /home/pedro/Desktop/RIOT-Test-Arty/tests/hello-world/bin/hifive1/core/sched.o
 .sbss.sched_active_pid
                0x0000000080000848        0x2 /home/pedro/Desktop/RIOT-Test-Arty/tests/hello-world/bin/hifive1/core/sched.o
                0x0000000080000848                sched_active_pid
 *fill*         0x000000008000084a        0x2 
 .sbss.sched_active_thread
                0x000000008000084c        0x4 /home/pedro/Desktop/RIOT-Test-Arty/tests/hello-world/bin/hifive1/core/sched.o
                0x000000008000084c                sched_active_thread
 .sbss.sched_context_switch_request
                0x0000000080000850        0x4 /home/pedro/Desktop/RIOT-Test-Arty/tests/hello-world/bin/hifive1/core/sched.o
                0x0000000080000850                sched_context_switch_request
 .sbss.sched_num_threads
                0x0000000080000854        0x4 /home/pedro/Desktop/RIOT-Test-Arty/tests/hello-world/bin/hifive1/core/sched.o
                0x0000000080000854                sched_num_threads
 .sbss.riscv_in_isr
                0x0000000080000858        0x4 /home/pedro/Desktop/RIOT-Test-Arty/tests/hello-world/bin/hifive1/riscv_common/irq_arch.o
                0x0000000080000858                riscv_in_isr
 .sbss          0x000000008000085c        0xc /home/pedro/chipyard/riscv-tools-install/bin/../lib/gcc/riscv32-unknown-elf/9.2.0/../../../../riscv32-unknown-elf/lib/rv32imac/ilp32/libc.a(lib_a-mallocr.o)
                0x000000008000085c                __malloc_max_total_mem
                0x0000000080000860                __malloc_max_sbrked_mem
                0x0000000080000864                __malloc_top_pad
 .sbss          0x0000000080000868        0x4 /home/pedro/chipyard/riscv-tools-install/bin/../lib/gcc/riscv32-unknown-elf/9.2.0/../../../../riscv32-unknown-elf/lib/rv32imac/ilp32/libgloss.a(sys_sbrk.o)
 *(.gnu.linkonce.sb.*)
 *(.bss .bss.*)
 .bss.idle_stack
                0x000000008000086c      0x100 /home/pedro/Desktop/RIOT-Test-Arty/tests/hello-world/bin/hifive1/core/init.o
 .bss.main_stack
                0x000000008000096c      0x500 /home/pedro/Desktop/RIOT-Test-Arty/tests/hello-world/bin/hifive1/core/init.o
 .bss.sched_runqueues
                0x0000000080000e6c       0x40 /home/pedro/Desktop/RIOT-Test-Arty/tests/hello-world/bin/hifive1/core/sched.o
                0x0000000080000e6c                sched_runqueues
 .bss.sched_threads
                0x0000000080000eac       0x84 /home/pedro/Desktop/RIOT-Test-Arty/tests/hello-world/bin/hifive1/core/sched.o
                0x0000000080000eac                sched_threads
 .bss           0x0000000080000f30       0x28 /home/pedro/chipyard/riscv-tools-install/bin/../lib/gcc/riscv32-unknown-elf/9.2.0/../../../../riscv32-unknown-elf/lib/rv32imac/ilp32/libc.a(lib_a-mallocr.o)
                0x0000000080000f30                __malloc_current_mallinfo
 *(.gnu.linkonce.b.*)
 *(COMMON)
 COMMON         0x0000000080000f58        0x4 /home/pedro/chipyard/riscv-tools-install/bin/../lib/gcc/riscv32-unknown-elf/9.2.0/../../../../riscv32-unknown-elf/lib/rv32imac/ilp32/libc.a(lib_a-reent.o)
                0x0000000080000f58                errno
                0x0000000080000f5c                . = ALIGN (0x4)
                0x0000000080000f60                . = ALIGN (0x8)
                0x0000000080000f60                PROVIDE (_end = .)
                [!provide]                        PROVIDE (end = .)
                0x0000000080000f60                PROVIDE (_sheap = .)

.stack          0x0000000080003f00      0x100 load address 0x0000000080000f5c
                0x0000000080003f00                PROVIDE (_eheap = .)
                0x0000000000000100                . = __stack_size
 *fill*         0x0000000080003f00      0x100 
                0x0000000080004000                PROVIDE (_sp = .)
OUTPUT(/home/pedro/Desktop/RIOT-Test-Arty/tests/hello-world/bin/hifive1/hello-world.elf elf32-littleriscv)

.debug_info     0x0000000000000000     0x7e21
 .debug_info    0x0000000000000000      0x953 /home/pedro/Desktop/RIOT-Test-Arty/tests/hello-world/bin/hifive1/application_hello-world/main.o
 .debug_info    0x0000000000000953      0xced /home/pedro/Desktop/RIOT-Test-Arty/tests/hello-world/bin/hifive1/auto_init/auto_init.o
 .debug_info    0x0000000000001640      0x2af /home/pedro/Desktop/RIOT-Test-Arty/tests/hello-world/bin/hifive1/board/board.o
 .debug_info    0x00000000000018ef      0xe63 /home/pedro/Desktop/RIOT-Test-Arty/tests/hello-world/bin/hifive1/core/init.o
 .debug_info    0x0000000000002752     0x1195 /home/pedro/Desktop/RIOT-Test-Arty/tests/hello-world/bin/hifive1/core/sched.o
 .debug_info    0x00000000000038e7     0x17bb /home/pedro/Desktop/RIOT-Test-Arty/tests/hello-world/bin/hifive1/core/thread.o
 .debug_info    0x00000000000050a2      0xe58 /home/pedro/Desktop/RIOT-Test-Arty/tests/hello-world/bin/hifive1/periph/gpio.o
 .debug_info    0x0000000000005efa       0xbd /home/pedro/Desktop/RIOT-Test-Arty/tests/hello-world/bin/hifive1/periph/pm.o
 .debug_info    0x0000000000005fb7      0xbec /home/pedro/Desktop/RIOT-Test-Arty/tests/hello-world/bin/hifive1/riscv_common/irq_arch.o
 .debug_info    0x0000000000006ba3       0x26 /home/pedro/Desktop/RIOT-Test-Arty/tests/hello-world/bin/hifive1/riscv_common/start.o
 .debug_info    0x0000000000006bc9     0x1258 /home/pedro/Desktop/RIOT-Test-Arty/tests/hello-world/bin/hifive1/riscv_common/thread_arch.o

.debug_abbrev   0x0000000000000000     0x1c13
 .debug_abbrev  0x0000000000000000      0x1eb /home/pedro/Desktop/RIOT-Test-Arty/tests/hello-world/bin/hifive1/application_hello-world/main.o
 .debug_abbrev  0x00000000000001eb      0x23c /home/pedro/Desktop/RIOT-Test-Arty/tests/hello-world/bin/hifive1/auto_init/auto_init.o
 .debug_abbrev  0x0000000000000427      0x123 /home/pedro/Desktop/RIOT-Test-Arty/tests/hello-world/bin/hifive1/board/board.o
 .debug_abbrev  0x000000000000054a      0x2f2 /home/pedro/Desktop/RIOT-Test-Arty/tests/hello-world/bin/hifive1/core/init.o
 .debug_abbrev  0x000000000000083c      0x49b /home/pedro/Desktop/RIOT-Test-Arty/tests/hello-world/bin/hifive1/core/sched.o
 .debug_abbrev  0x0000000000000cd7      0x4de /home/pedro/Desktop/RIOT-Test-Arty/tests/hello-world/bin/hifive1/core/thread.o
 .debug_abbrev  0x00000000000011b5      0x2f3 /home/pedro/Desktop/RIOT-Test-Arty/tests/hello-world/bin/hifive1/periph/gpio.o
 .debug_abbrev  0x00000000000014a8       0x70 /home/pedro/Desktop/RIOT-Test-Arty/tests/hello-world/bin/hifive1/periph/pm.o
 .debug_abbrev  0x0000000000001518      0x2b9 /home/pedro/Desktop/RIOT-Test-Arty/tests/hello-world/bin/hifive1/riscv_common/irq_arch.o
 .debug_abbrev  0x00000000000017d1       0x14 /home/pedro/Desktop/RIOT-Test-Arty/tests/hello-world/bin/hifive1/riscv_common/start.o
 .debug_abbrev  0x00000000000017e5      0x42e /home/pedro/Desktop/RIOT-Test-Arty/tests/hello-world/bin/hifive1/riscv_common/thread_arch.o

.debug_aranges  0x0000000000000000      0x240
 .debug_aranges
                0x0000000000000000       0x20 /home/pedro/Desktop/RIOT-Test-Arty/tests/hello-world/bin/hifive1/application_hello-world/main.o
 .debug_aranges
                0x0000000000000020       0x20 /home/pedro/Desktop/RIOT-Test-Arty/tests/hello-world/bin/hifive1/auto_init/auto_init.o
 .debug_aranges
                0x0000000000000040       0x20 /home/pedro/Desktop/RIOT-Test-Arty/tests/hello-world/bin/hifive1/board/board.o
 .debug_aranges
                0x0000000000000060       0x30 /home/pedro/Desktop/RIOT-Test-Arty/tests/hello-world/bin/hifive1/core/init.o
 .debug_aranges
                0x0000000000000090       0x38 /home/pedro/Desktop/RIOT-Test-Arty/tests/hello-world/bin/hifive1/core/sched.o
 .debug_aranges
                0x00000000000000c8       0x70 /home/pedro/Desktop/RIOT-Test-Arty/tests/hello-world/bin/hifive1/core/thread.o
 .debug_aranges
                0x0000000000000138       0x48 /home/pedro/Desktop/RIOT-Test-Arty/tests/hello-world/bin/hifive1/periph/gpio.o
 .debug_aranges
                0x0000000000000180       0x28 /home/pedro/Desktop/RIOT-Test-Arty/tests/hello-world/bin/hifive1/periph/pm.o
 .debug_aranges
                0x00000000000001a8       0x30 /home/pedro/Desktop/RIOT-Test-Arty/tests/hello-world/bin/hifive1/riscv_common/irq_arch.o
 .debug_aranges
                0x00000000000001d8       0x20 /home/pedro/Desktop/RIOT-Test-Arty/tests/hello-world/bin/hifive1/riscv_common/start.o
 .debug_aranges
                0x00000000000001f8       0x48 /home/pedro/Desktop/RIOT-Test-Arty/tests/hello-world/bin/hifive1/riscv_common/thread_arch.o

.debug_ranges   0x0000000000000000      0x430
 .debug_ranges  0x0000000000000000       0x10 /home/pedro/Desktop/RIOT-Test-Arty/tests/hello-world/bin/hifive1/application_hello-world/main.o
 .debug_ranges  0x0000000000000010       0x10 /home/pedro/Desktop/RIOT-Test-Arty/tests/hello-world/bin/hifive1/auto_init/auto_init.o
 .debug_ranges  0x0000000000000020       0x10 /home/pedro/Desktop/RIOT-Test-Arty/tests/hello-world/bin/hifive1/board/board.o
 .debug_ranges  0x0000000000000030       0x38 /home/pedro/Desktop/RIOT-Test-Arty/tests/hello-world/bin/hifive1/core/init.o
 .debug_ranges  0x0000000000000068      0x158 /home/pedro/Desktop/RIOT-Test-Arty/tests/hello-world/bin/hifive1/core/sched.o
 .debug_ranges  0x00000000000001c0      0x160 /home/pedro/Desktop/RIOT-Test-Arty/tests/hello-world/bin/hifive1/core/thread.o
 .debug_ranges  0x0000000000000320       0x50 /home/pedro/Desktop/RIOT-Test-Arty/tests/hello-world/bin/hifive1/periph/gpio.o
 .debug_ranges  0x0000000000000370       0x18 /home/pedro/Desktop/RIOT-Test-Arty/tests/hello-world/bin/hifive1/periph/pm.o
 .debug_ranges  0x0000000000000388       0x20 /home/pedro/Desktop/RIOT-Test-Arty/tests/hello-world/bin/hifive1/riscv_common/irq_arch.o
 .debug_ranges  0x00000000000003a8       0x88 /home/pedro/Desktop/RIOT-Test-Arty/tests/hello-world/bin/hifive1/riscv_common/thread_arch.o

.debug_macro    0x0000000000000000     0xa47d
 .debug_macro   0x0000000000000000      0x17a /home/pedro/Desktop/RIOT-Test-Arty/tests/hello-world/bin/hifive1/application_hello-world/main.o
 .debug_macro   0x000000000000017a      0x7a2 /home/pedro/Desktop/RIOT-Test-Arty/tests/hello-world/bin/hifive1/application_hello-world/main.o
 .debug_macro   0x000000000000091c       0xca /home/pedro/Desktop/RIOT-Test-Arty/tests/hello-world/bin/hifive1/application_hello-world/main.o
 .debug_macro   0x00000000000009e6       0x22 /home/pedro/Desktop/RIOT-Test-Arty/tests/hello-world/bin/hifive1/application_hello-world/main.o
 .debug_macro   0x0000000000000a08       0x4c /home/pedro/Desktop/RIOT-Test-Arty/tests/hello-world/bin/hifive1/application_hello-world/main.o
 .debug_macro   0x0000000000000a54       0x19 /home/pedro/Desktop/RIOT-Test-Arty/tests/hello-world/bin/hifive1/application_hello-world/main.o
 .debug_macro   0x0000000000000a6d       0x5c /home/pedro/Desktop/RIOT-Test-Arty/tests/hello-world/bin/hifive1/application_hello-world/main.o
 .debug_macro   0x0000000000000ac9       0x34 /home/pedro/Desktop/RIOT-Test-Arty/tests/hello-world/bin/hifive1/application_hello-world/main.o
 .debug_macro   0x0000000000000afd       0x34 /home/pedro/Desktop/RIOT-Test-Arty/tests/hello-world/bin/hifive1/application_hello-world/main.o
 .debug_macro   0x0000000000000b31       0x16 /home/pedro/Desktop/RIOT-Test-Arty/tests/hello-world/bin/hifive1/application_hello-world/main.o
 .debug_macro   0x0000000000000b47       0x57 /home/pedro/Desktop/RIOT-Test-Arty/tests/hello-world/bin/hifive1/application_hello-world/main.o
 .debug_macro   0x0000000000000b9e       0x97 /home/pedro/Desktop/RIOT-Test-Arty/tests/hello-world/bin/hifive1/application_hello-world/main.o
 .debug_macro   0x0000000000000c35      0x339 /home/pedro/Desktop/RIOT-Test-Arty/tests/hello-world/bin/hifive1/application_hello-world/main.o
 .debug_macro   0x0000000000000f6e       0xfd /home/pedro/Desktop/RIOT-Test-Arty/tests/hello-world/bin/hifive1/application_hello-world/main.o
 .debug_macro   0x000000000000106b       0x10 /home/pedro/Desktop/RIOT-Test-Arty/tests/hello-world/bin/hifive1/application_hello-world/main.o
 .debug_macro   0x000000000000107b       0x16 /home/pedro/Desktop/RIOT-Test-Arty/tests/hello-world/bin/hifive1/application_hello-world/main.o
 .debug_macro   0x0000000000001091       0x43 /home/pedro/Desktop/RIOT-Test-Arty/tests/hello-world/bin/hifive1/application_hello-world/main.o
 .debug_macro   0x00000000000010d4       0x34 /home/pedro/Desktop/RIOT-Test-Arty/tests/hello-world/bin/hifive1/application_hello-world/main.o
 .debug_macro   0x0000000000001108       0x10 /home/pedro/Desktop/RIOT-Test-Arty/tests/hello-world/bin/hifive1/application_hello-world/main.o
 .debug_macro   0x0000000000001118       0x52 /home/pedro/Desktop/RIOT-Test-Arty/tests/hello-world/bin/hifive1/application_hello-world/main.o
 .debug_macro   0x000000000000116a      0x182 /home/pedro/Desktop/RIOT-Test-Arty/tests/hello-world/bin/hifive1/application_hello-world/main.o
 .debug_macro   0x00000000000012ec       0x10 /home/pedro/Desktop/RIOT-Test-Arty/tests/hello-world/bin/hifive1/application_hello-world/main.o
 .debug_macro   0x00000000000012fc       0x6a /home/pedro/Desktop/RIOT-Test-Arty/tests/hello-world/bin/hifive1/application_hello-world/main.o
 .debug_macro   0x0000000000001366       0xb2 /home/pedro/Desktop/RIOT-Test-Arty/tests/hello-world/bin/hifive1/application_hello-world/main.o
 .debug_macro   0x0000000000001418       0x16 /home/pedro/Desktop/RIOT-Test-Arty/tests/hello-world/bin/hifive1/application_hello-world/main.o
 .debug_macro   0x000000000000142e      0x129 /home/pedro/Desktop/RIOT-Test-Arty/tests/hello-world/bin/hifive1/application_hello-world/main.o
 .debug_macro   0x0000000000001557       0x16 /home/pedro/Desktop/RIOT-Test-Arty/tests/hello-world/bin/hifive1/application_hello-world/main.o
 .debug_macro   0x000000000000156d       0x35 /home/pedro/Desktop/RIOT-Test-Arty/tests/hello-world/bin/hifive1/application_hello-world/main.o
 .debug_macro   0x00000000000015a2       0x16 /home/pedro/Desktop/RIOT-Test-Arty/tests/hello-world/bin/hifive1/application_hello-world/main.o
 .debug_macro   0x00000000000015b8       0x22 /home/pedro/Desktop/RIOT-Test-Arty/tests/hello-world/bin/hifive1/application_hello-world/main.o
 .debug_macro   0x00000000000015da      0x1d4 /home/pedro/Desktop/RIOT-Test-Arty/tests/hello-world/bin/hifive1/auto_init/auto_init.o
 .debug_macro   0x00000000000017ae      0x7a2 /home/pedro/Desktop/RIOT-Test-Arty/tests/hello-world/bin/hifive1/auto_init/auto_init.o
 .debug_macro   0x0000000000001f50       0x56 /home/pedro/Desktop/RIOT-Test-Arty/tests/hello-world/bin/hifive1/auto_init/auto_init.o
 .debug_macro   0x0000000000001fa6       0x51 /home/pedro/Desktop/RIOT-Test-Arty/tests/hello-world/bin/hifive1/auto_init/auto_init.o
 .debug_macro   0x0000000000001ff7      0x103 /home/pedro/Desktop/RIOT-Test-Arty/tests/hello-world/bin/hifive1/auto_init/auto_init.o
 .debug_macro   0x00000000000020fa      0x1df /home/pedro/Desktop/RIOT-Test-Arty/tests/hello-world/bin/hifive1/auto_init/auto_init.o
 .debug_macro   0x00000000000022d9       0x52 /home/pedro/Desktop/RIOT-Test-Arty/tests/hello-world/bin/hifive1/auto_init/auto_init.o
 .debug_macro   0x000000000000232b       0xbe /home/pedro/Desktop/RIOT-Test-Arty/tests/hello-world/bin/hifive1/auto_init/auto_init.o
 .debug_macro   0x00000000000023e9       0x10 /home/pedro/Desktop/RIOT-Test-Arty/tests/hello-world/bin/hifive1/auto_init/auto_init.o
 .debug_macro   0x00000000000023f9      0x4cc /home/pedro/Desktop/RIOT-Test-Arty/tests/hello-world/bin/hifive1/auto_init/auto_init.o
 .debug_macro   0x00000000000028c5       0x7c /home/pedro/Desktop/RIOT-Test-Arty/tests/hello-world/bin/hifive1/auto_init/auto_init.o
 .debug_macro   0x0000000000002941       0x22 /home/pedro/Desktop/RIOT-Test-Arty/tests/hello-world/bin/hifive1/auto_init/auto_init.o
 .debug_macro   0x0000000000002963       0x3d /home/pedro/Desktop/RIOT-Test-Arty/tests/hello-world/bin/hifive1/auto_init/auto_init.o
 .debug_macro   0x00000000000029a0       0x34 /home/pedro/Desktop/RIOT-Test-Arty/tests/hello-world/bin/hifive1/auto_init/auto_init.o
 .debug_macro   0x00000000000029d4      0x24a /home/pedro/Desktop/RIOT-Test-Arty/tests/hello-world/bin/hifive1/board/board.o
 .debug_macro   0x0000000000002c1e      0x7a2 /home/pedro/Desktop/RIOT-Test-Arty/tests/hello-world/bin/hifive1/board/board.o
 .debug_macro   0x00000000000033c0     0x1595 /home/pedro/Desktop/RIOT-Test-Arty/tests/hello-world/bin/hifive1/board/board.o
 .debug_macro   0x0000000000004955       0x22 /home/pedro/Desktop/RIOT-Test-Arty/tests/hello-world/bin/hifive1/board/board.o
 .debug_macro   0x0000000000004977       0x16 /home/pedro/Desktop/RIOT-Test-Arty/tests/hello-world/bin/hifive1/board/board.o
 .debug_macro   0x000000000000498d      0x1a2 /home/pedro/Desktop/RIOT-Test-Arty/tests/hello-world/bin/hifive1/board/board.o
 .debug_macro   0x0000000000004b2f       0x2e /home/pedro/Desktop/RIOT-Test-Arty/tests/hello-world/bin/hifive1/board/board.o
 .debug_macro   0x0000000000004b5d       0x70 /home/pedro/Desktop/RIOT-Test-Arty/tests/hello-world/bin/hifive1/board/board.o
 .debug_macro   0x0000000000004bcd       0x7c /home/pedro/Desktop/RIOT-Test-Arty/tests/hello-world/bin/hifive1/board/board.o
 .debug_macro   0x0000000000004c49       0x5e /home/pedro/Desktop/RIOT-Test-Arty/tests/hello-world/bin/hifive1/board/board.o
 .debug_macro   0x0000000000004ca7       0x5e /home/pedro/Desktop/RIOT-Test-Arty/tests/hello-world/bin/hifive1/board/board.o
 .debug_macro   0x0000000000004d05       0xe2 /home/pedro/Desktop/RIOT-Test-Arty/tests/hello-world/bin/hifive1/board/board.o
 .debug_macro   0x0000000000004de7       0xa0 /home/pedro/Desktop/RIOT-Test-Arty/tests/hello-world/bin/hifive1/board/board.o
 .debug_macro   0x0000000000004e87      0x130 /home/pedro/Desktop/RIOT-Test-Arty/tests/hello-world/bin/hifive1/board/board.o
 .debug_macro   0x0000000000004fb7       0x64 /home/pedro/Desktop/RIOT-Test-Arty/tests/hello-world/bin/hifive1/board/board.o
 .debug_macro   0x000000000000501b      0x22b /home/pedro/Desktop/RIOT-Test-Arty/tests/hello-world/bin/hifive1/board/board.o
 .debug_macro   0x0000000000005246       0x10 /home/pedro/Desktop/RIOT-Test-Arty/tests/hello-world/bin/hifive1/board/board.o
 .debug_macro   0x0000000000005256      0x174 /home/pedro/Desktop/RIOT-Test-Arty/tests/hello-world/bin/hifive1/board/board.o
 .debug_macro   0x00000000000053ca       0x7c /home/pedro/Desktop/RIOT-Test-Arty/tests/hello-world/bin/hifive1/board/board.o
 .debug_macro   0x0000000000005446       0x17 /home/pedro/Desktop/RIOT-Test-Arty/tests/hello-world/bin/hifive1/board/board.o
 .debug_macro   0x000000000000545d       0xee /home/pedro/Desktop/RIOT-Test-Arty/tests/hello-world/bin/hifive1/board/board.o
 .debug_macro   0x000000000000554b       0x3a /home/pedro/Desktop/RIOT-Test-Arty/tests/hello-world/bin/hifive1/board/board.o
 .debug_macro   0x0000000000005585       0xa4 /home/pedro/Desktop/RIOT-Test-Arty/tests/hello-world/bin/hifive1/board/board.o
 .debug_macro   0x0000000000005629       0x2e /home/pedro/Desktop/RIOT-Test-Arty/tests/hello-world/bin/hifive1/board/board.o
 .debug_macro   0x0000000000005657       0x5e /home/pedro/Desktop/RIOT-Test-Arty/tests/hello-world/bin/hifive1/board/board.o
 .debug_macro   0x00000000000056b5       0x1c /home/pedro/Desktop/RIOT-Test-Arty/tests/hello-world/bin/hifive1/board/board.o
 .debug_macro   0x00000000000056d1       0x52 /home/pedro/Desktop/RIOT-Test-Arty/tests/hello-world/bin/hifive1/board/board.o
 .debug_macro   0x0000000000005723      0x366 /home/pedro/Desktop/RIOT-Test-Arty/tests/hello-world/bin/hifive1/core/init.o
 .debug_macro   0x0000000000005a89      0x7a2 /home/pedro/Desktop/RIOT-Test-Arty/tests/hello-world/bin/hifive1/core/init.o
 .debug_macro   0x000000000000622b       0x10 /home/pedro/Desktop/RIOT-Test-Arty/tests/hello-world/bin/hifive1/core/init.o
 .debug_macro   0x000000000000623b      0x23b /home/pedro/Desktop/RIOT-Test-Arty/tests/hello-world/bin/hifive1/core/init.o
 .debug_macro   0x0000000000006476       0x2e /home/pedro/Desktop/RIOT-Test-Arty/tests/hello-world/bin/hifive1/core/init.o
 .debug_macro   0x00000000000064a4      0x309 /home/pedro/Desktop/RIOT-Test-Arty/tests/hello-world/bin/hifive1/core/sched.o
 .debug_macro   0x00000000000067ad      0x7a2 /home/pedro/Desktop/RIOT-Test-Arty/tests/hello-world/bin/hifive1/core/sched.o
 .debug_macro   0x0000000000006f4f       0x10 /home/pedro/Desktop/RIOT-Test-Arty/tests/hello-world/bin/hifive1/core/sched.o
 .debug_macro   0x0000000000006f5f      0x318 /home/pedro/Desktop/RIOT-Test-Arty/tests/hello-world/bin/hifive1/core/thread.o
 .debug_macro   0x0000000000007277      0x7a2 /home/pedro/Desktop/RIOT-Test-Arty/tests/hello-world/bin/hifive1/core/thread.o
 .debug_macro   0x0000000000007a19       0xdc /home/pedro/Desktop/RIOT-Test-Arty/tests/hello-world/bin/hifive1/core/thread.o
 .debug_macro   0x0000000000007af5      0x307 /home/pedro/Desktop/RIOT-Test-Arty/tests/hello-world/bin/hifive1/periph/gpio.o
 .debug_macro   0x0000000000007dfc      0x7a2 /home/pedro/Desktop/RIOT-Test-Arty/tests/hello-world/bin/hifive1/periph/gpio.o
 .debug_macro   0x000000000000859e       0x16 /home/pedro/Desktop/RIOT-Test-Arty/tests/hello-world/bin/hifive1/periph/gpio.o
 .debug_macro   0x00000000000085b4      0x1ad /home/pedro/Desktop/RIOT-Test-Arty/tests/hello-world/bin/hifive1/periph/pm.o
 .debug_macro   0x0000000000008761      0x7a2 /home/pedro/Desktop/RIOT-Test-Arty/tests/hello-world/bin/hifive1/periph/pm.o
 .debug_macro   0x0000000000008f03      0x2b6 /home/pedro/Desktop/RIOT-Test-Arty/tests/hello-world/bin/hifive1/riscv_common/irq_arch.o
 .debug_macro   0x00000000000091b9      0x7a2 /home/pedro/Desktop/RIOT-Test-Arty/tests/hello-world/bin/hifive1/riscv_common/irq_arch.o
 .debug_macro   0x000000000000995b       0x10 /home/pedro/Desktop/RIOT-Test-Arty/tests/hello-world/bin/hifive1/riscv_common/irq_arch.o
 .debug_macro   0x000000000000996b      0x324 /home/pedro/Desktop/RIOT-Test-Arty/tests/hello-world/bin/hifive1/riscv_common/thread_arch.o
 .debug_macro   0x0000000000009c8f      0x7a2 /home/pedro/Desktop/RIOT-Test-Arty/tests/hello-world/bin/hifive1/riscv_common/thread_arch.o
 .debug_macro   0x000000000000a431       0x10 /home/pedro/Desktop/RIOT-Test-Arty/tests/hello-world/bin/hifive1/riscv_common/thread_arch.o
 .debug_macro   0x000000000000a441       0x3c /home/pedro/Desktop/RIOT-Test-Arty/tests/hello-world/bin/hifive1/riscv_common/thread_arch.o

.debug_line     0x0000000000000000     0x588e
 .debug_line    0x0000000000000000      0x36f /home/pedro/Desktop/RIOT-Test-Arty/tests/hello-world/bin/hifive1/application_hello-world/main.o
 .debug_line    0x000000000000036f      0x527 /home/pedro/Desktop/RIOT-Test-Arty/tests/hello-world/bin/hifive1/auto_init/auto_init.o
 .debug_line    0x0000000000000896      0x6bb /home/pedro/Desktop/RIOT-Test-Arty/tests/hello-world/bin/hifive1/board/board.o
 .debug_line    0x0000000000000f51      0x795 /home/pedro/Desktop/RIOT-Test-Arty/tests/hello-world/bin/hifive1/core/init.o
 .debug_line    0x00000000000016e6      0xc3e /home/pedro/Desktop/RIOT-Test-Arty/tests/hello-world/bin/hifive1/core/sched.o
 .debug_line    0x0000000000002324     0x12ed /home/pedro/Desktop/RIOT-Test-Arty/tests/hello-world/bin/hifive1/core/thread.o
 .debug_line    0x0000000000003611      0x9cf /home/pedro/Desktop/RIOT-Test-Arty/tests/hello-world/bin/hifive1/periph/gpio.o
 .debug_line    0x0000000000003fe0      0x5ae /home/pedro/Desktop/RIOT-Test-Arty/tests/hello-world/bin/hifive1/periph/pm.o
 .debug_line    0x000000000000458e      0x7e0 /home/pedro/Desktop/RIOT-Test-Arty/tests/hello-world/bin/hifive1/riscv_common/irq_arch.o
 .debug_line    0x0000000000004d6e       0xe4 /home/pedro/Desktop/RIOT-Test-Arty/tests/hello-world/bin/hifive1/riscv_common/start.o
 .debug_line    0x0000000000004e52      0xa3c /home/pedro/Desktop/RIOT-Test-Arty/tests/hello-world/bin/hifive1/riscv_common/thread_arch.o

.debug_str      0x0000000000000000    0x12bec
 .debug_str     0x0000000000000000     0x60c0 /home/pedro/Desktop/RIOT-Test-Arty/tests/hello-world/bin/hifive1/application_hello-world/main.o
                                       0x6280 (size before relaxing)
 .debug_str     0x00000000000060c0     0x27d1 /home/pedro/Desktop/RIOT-Test-Arty/tests/hello-world/bin/hifive1/auto_init/auto_init.o
                                       0x89ab (size before relaxing)
 .debug_str     0x0000000000008891     0x776a /home/pedro/Desktop/RIOT-Test-Arty/tests/hello-world/bin/hifive1/board/board.o
                                       0xdfca (size before relaxing)
 .debug_str     0x000000000000fffb      0xd0a /home/pedro/Desktop/RIOT-Test-Arty/tests/hello-world/bin/hifive1/core/init.o
                                      0x1009f (size before relaxing)
 .debug_str     0x0000000000010d05      0x504 /home/pedro/Desktop/RIOT-Test-Arty/tests/hello-world/bin/hifive1/core/sched.o
                                       0xfcfe (size before relaxing)
 .debug_str     0x0000000000011209      0x2bb /home/pedro/Desktop/RIOT-Test-Arty/tests/hello-world/bin/hifive1/core/thread.o
                                      0x100d1 (size before relaxing)
 .debug_str     0x00000000000114c4     0x10c9 /home/pedro/Desktop/RIOT-Test-Arty/tests/hello-world/bin/hifive1/periph/gpio.o
                                      0x104ae (size before relaxing)
 .debug_str     0x000000000001258d       0x86 /home/pedro/Desktop/RIOT-Test-Arty/tests/hello-world/bin/hifive1/periph/pm.o
                                       0xbb1b (size before relaxing)
 .debug_str     0x0000000000012613      0x34e /home/pedro/Desktop/RIOT-Test-Arty/tests/hello-world/bin/hifive1/riscv_common/irq_arch.o
                                       0xf27c (size before relaxing)
 .debug_str     0x0000000000012961       0x48 /home/pedro/Desktop/RIOT-Test-Arty/tests/hello-world/bin/hifive1/riscv_common/start.o
                                         0x7c (size before relaxing)
 .debug_str     0x00000000000129a9      0x243 /home/pedro/Desktop/RIOT-Test-Arty/tests/hello-world/bin/hifive1/riscv_common/thread_arch.o
                                       0xf9ec (size before relaxing)

.comment        0x0000000000000000       0x11
 .comment       0x0000000000000000       0x11 /home/pedro/Desktop/RIOT-Test-Arty/tests/hello-world/bin/hifive1/application_hello-world/main.o
                                         0x12 (size before relaxing)
 .comment       0x0000000000000011       0x12 /home/pedro/Desktop/RIOT-Test-Arty/tests/hello-world/bin/hifive1/auto_init/auto_init.o
 .comment       0x0000000000000011       0x12 /home/pedro/Desktop/RIOT-Test-Arty/tests/hello-world/bin/hifive1/board/board.o
 .comment       0x0000000000000011       0x12 /home/pedro/Desktop/RIOT-Test-Arty/tests/hello-world/bin/hifive1/core/init.o
 .comment       0x0000000000000011       0x12 /home/pedro/Desktop/RIOT-Test-Arty/tests/hello-world/bin/hifive1/core/sched.o
 .comment       0x0000000000000011       0x12 /home/pedro/Desktop/RIOT-Test-Arty/tests/hello-world/bin/hifive1/core/thread.o
 .comment       0x0000000000000011       0x12 /home/pedro/Desktop/RIOT-Test-Arty/tests/hello-world/bin/hifive1/periph/gpio.o
 .comment       0x0000000000000011       0x12 /home/pedro/Desktop/RIOT-Test-Arty/tests/hello-world/bin/hifive1/periph/pm.o
 .comment       0x0000000000000011       0x12 /home/pedro/Desktop/RIOT-Test-Arty/tests/hello-world/bin/hifive1/riscv_common/irq_arch.o
 .comment       0x0000000000000011       0x12 /home/pedro/Desktop/RIOT-Test-Arty/tests/hello-world/bin/hifive1/riscv_common/thread_arch.o
 .comment       0x0000000000000011       0x12 /home/pedro/chipyard/riscv-tools-install/bin/../lib/gcc/riscv32-unknown-elf/9.2.0/../../../../riscv32-unknown-elf/lib/rv32imac/ilp32/libc.a(lib_a-init.o)
 .comment       0x0000000000000011       0x12 /home/pedro/chipyard/riscv-tools-install/bin/../lib/gcc/riscv32-unknown-elf/9.2.0/../../../../riscv32-unknown-elf/lib/rv32imac/ilp32/libc.a(lib_a-mallocr.o)
 .comment       0x0000000000000011       0x12 /home/pedro/chipyard/riscv-tools-install/bin/../lib/gcc/riscv32-unknown-elf/9.2.0/../../../../riscv32-unknown-elf/lib/rv32imac/ilp32/libc.a(lib_a-memcpy.o)
 .comment       0x0000000000000011       0x12 /home/pedro/chipyard/riscv-tools-install/bin/../lib/gcc/riscv32-unknown-elf/9.2.0/../../../../riscv32-unknown-elf/lib/rv32imac/ilp32/libc.a(lib_a-mlock.o)
 .comment       0x0000000000000011       0x12 /home/pedro/chipyard/riscv-tools-install/bin/../lib/gcc/riscv32-unknown-elf/9.2.0/../../../../riscv32-unknown-elf/lib/rv32imac/ilp32/libc.a(lib_a-puts.o)
 .comment       0x0000000000000011       0x12 /home/pedro/chipyard/riscv-tools-install/bin/../lib/gcc/riscv32-unknown-elf/9.2.0/../../../../riscv32-unknown-elf/lib/rv32imac/ilp32/libc.a(lib_a-reallocr.o)
 .comment       0x0000000000000011       0x12 /home/pedro/chipyard/riscv-tools-install/bin/../lib/gcc/riscv32-unknown-elf/9.2.0/../../../../riscv32-unknown-elf/lib/rv32imac/ilp32/libc.a(lib_a-sbrkr.o)
 .comment       0x0000000000000011       0x12 /home/pedro/chipyard/riscv-tools-install/bin/../lib/gcc/riscv32-unknown-elf/9.2.0/../../../../riscv32-unknown-elf/lib/rv32imac/ilp32/libc.a(lib_a-strlen.o)
 .comment       0x0000000000000011       0x12 /home/pedro/chipyard/riscv-tools-install/bin/../lib/gcc/riscv32-unknown-elf/9.2.0/../../../../riscv32-unknown-elf/lib/rv32imac/ilp32/libc.a(lib_a-wsetup.o)
 .comment       0x0000000000000011       0x12 /home/pedro/chipyard/riscv-tools-install/bin/../lib/gcc/riscv32-unknown-elf/9.2.0/../../../../riscv32-unknown-elf/lib/rv32imac/ilp32/libc.a(lib_a-fflush.o)
 .comment       0x0000000000000011       0x12 /home/pedro/chipyard/riscv-tools-install/bin/../lib/gcc/riscv32-unknown-elf/9.2.0/../../../../riscv32-unknown-elf/lib/rv32imac/ilp32/libc.a(lib_a-findfp.o)
 .comment       0x0000000000000011       0x12 /home/pedro/chipyard/riscv-tools-install/bin/../lib/gcc/riscv32-unknown-elf/9.2.0/../../../../riscv32-unknown-elf/lib/rv32imac/ilp32/libc.a(lib_a-freer.o)
 .comment       0x0000000000000011       0x12 /home/pedro/chipyard/riscv-tools-install/bin/../lib/gcc/riscv32-unknown-elf/9.2.0/../../../../riscv32-unknown-elf/lib/rv32imac/ilp32/libc.a(lib_a-fvwrite.o)
 .comment       0x0000000000000011       0x12 /home/pedro/chipyard/riscv-tools-install/bin/../lib/gcc/riscv32-unknown-elf/9.2.0/../../../../riscv32-unknown-elf/lib/rv32imac/ilp32/libc.a(lib_a-fwalk.o)
 .comment       0x0000000000000011       0x12 /home/pedro/chipyard/riscv-tools-install/bin/../lib/gcc/riscv32-unknown-elf/9.2.0/../../../../riscv32-unknown-elf/lib/rv32imac/ilp32/libc.a(lib_a-impure.o)
 .comment       0x0000000000000011       0x12 /home/pedro/chipyard/riscv-tools-install/bin/../lib/gcc/riscv32-unknown-elf/9.2.0/../../../../riscv32-unknown-elf/lib/rv32imac/ilp32/libc.a(lib_a-makebuf.o)
 .comment       0x0000000000000011       0x12 /home/pedro/chipyard/riscv-tools-install/bin/../lib/gcc/riscv32-unknown-elf/9.2.0/../../../../riscv32-unknown-elf/lib/rv32imac/ilp32/libc.a(lib_a-memchr.o)
 .comment       0x0000000000000011       0x12 /home/pedro/chipyard/riscv-tools-install/bin/../lib/gcc/riscv32-unknown-elf/9.2.0/../../../../riscv32-unknown-elf/lib/rv32imac/ilp32/libc.a(lib_a-memmove-stub.o)
 .comment       0x0000000000000011       0x12 /home/pedro/chipyard/riscv-tools-install/bin/../lib/gcc/riscv32-unknown-elf/9.2.0/../../../../riscv32-unknown-elf/lib/rv32imac/ilp32/libc.a(lib_a-reent.o)
 .comment       0x0000000000000011       0x12 /home/pedro/chipyard/riscv-tools-install/bin/../lib/gcc/riscv32-unknown-elf/9.2.0/../../../../riscv32-unknown-elf/lib/rv32imac/ilp32/libc.a(lib_a-stdio.o)
 .comment       0x0000000000000011       0x12 /home/pedro/chipyard/riscv-tools-install/bin/../lib/gcc/riscv32-unknown-elf/9.2.0/../../../../riscv32-unknown-elf/lib/rv32imac/ilp32/libc.a(lib_a-writer.o)
 .comment       0x0000000000000011       0x12 /home/pedro/chipyard/riscv-tools-install/bin/../lib/gcc/riscv32-unknown-elf/9.2.0/../../../../riscv32-unknown-elf/lib/rv32imac/ilp32/libc.a(lib_a-closer.o)
 .comment       0x0000000000000011       0x12 /home/pedro/chipyard/riscv-tools-install/bin/../lib/gcc/riscv32-unknown-elf/9.2.0/../../../../riscv32-unknown-elf/lib/rv32imac/ilp32/libc.a(lib_a-fclose.o)
 .comment       0x0000000000000011       0x12 /home/pedro/chipyard/riscv-tools-install/bin/../lib/gcc/riscv32-unknown-elf/9.2.0/../../../../riscv32-unknown-elf/lib/rv32imac/ilp32/libc.a(lib_a-fstatr.o)
 .comment       0x0000000000000011       0x12 /home/pedro/chipyard/riscv-tools-install/bin/../lib/gcc/riscv32-unknown-elf/9.2.0/../../../../riscv32-unknown-elf/lib/rv32imac/ilp32/libc.a(lib_a-isattyr.o)
 .comment       0x0000000000000011       0x12 /home/pedro/chipyard/riscv-tools-install/bin/../lib/gcc/riscv32-unknown-elf/9.2.0/../../../../riscv32-unknown-elf/lib/rv32imac/ilp32/libc.a(lib_a-lseekr.o)
 .comment       0x0000000000000011       0x12 /home/pedro/chipyard/riscv-tools-install/bin/../lib/gcc/riscv32-unknown-elf/9.2.0/../../../../riscv32-unknown-elf/lib/rv32imac/ilp32/libc.a(lib_a-readr.o)
 .comment       0x0000000000000011       0x12 /home/pedro/chipyard/riscv-tools-install/bin/../lib/gcc/riscv32-unknown-elf/9.2.0/../../../../riscv32-unknown-elf/lib/rv32imac/ilp32/libgloss.a(sys_close.o)
 .comment       0x0000000000000011       0x12 /home/pedro/chipyard/riscv-tools-install/bin/../lib/gcc/riscv32-unknown-elf/9.2.0/../../../../riscv32-unknown-elf/lib/rv32imac/ilp32/libgloss.a(sys_fstat.o)
 .comment       0x0000000000000011       0x12 /home/pedro/chipyard/riscv-tools-install/bin/../lib/gcc/riscv32-unknown-elf/9.2.0/../../../../riscv32-unknown-elf/lib/rv32imac/ilp32/libgloss.a(sys_isatty.o)
 .comment       0x0000000000000011       0x12 /home/pedro/chipyard/riscv-tools-install/bin/../lib/gcc/riscv32-unknown-elf/9.2.0/../../../../riscv32-unknown-elf/lib/rv32imac/ilp32/libgloss.a(sys_lseek.o)
 .comment       0x0000000000000011       0x12 /home/pedro/chipyard/riscv-tools-install/bin/../lib/gcc/riscv32-unknown-elf/9.2.0/../../../../riscv32-unknown-elf/lib/rv32imac/ilp32/libgloss.a(sys_read.o)
 .comment       0x0000000000000011       0x12 /home/pedro/chipyard/riscv-tools-install/bin/../lib/gcc/riscv32-unknown-elf/9.2.0/../../../../riscv32-unknown-elf/lib/rv32imac/ilp32/libgloss.a(sys_sbrk.o)
 .comment       0x0000000000000011       0x12 /home/pedro/chipyard/riscv-tools-install/bin/../lib/gcc/riscv32-unknown-elf/9.2.0/../../../../riscv32-unknown-elf/lib/rv32imac/ilp32/libgloss.a(sys_write.o)
 .comment       0x0000000000000011       0x12 /home/pedro/chipyard/riscv-tools-install/bin/../lib/gcc/riscv32-unknown-elf/9.2.0/../../../../riscv32-unknown-elf/lib/rv32imac/ilp32/libgloss.a(sys_conv_stat.o)
 .comment       0x0000000000000011       0x12 /home/pedro/chipyard/riscv-tools-install/bin/../lib/gcc/riscv32-unknown-elf/9.2.0/../../../../riscv32-unknown-elf/lib/rv32imac/ilp32/libc.a(lib_a-errno.o)

.riscv.attributes
                0x0000000000000000       0x2b
 .riscv.attributes
                0x0000000000000000       0x2b /home/pedro/Desktop/RIOT-Test-Arty/tests/hello-world/bin/hifive1/application_hello-world/main.o
 .riscv.attributes
                0x000000000000002b       0x2b /home/pedro/Desktop/RIOT-Test-Arty/tests/hello-world/bin/hifive1/auto_init/auto_init.o
 .riscv.attributes
                0x0000000000000056       0x2b /home/pedro/Desktop/RIOT-Test-Arty/tests/hello-world/bin/hifive1/board/board.o
 .riscv.attributes
                0x0000000000000081       0x2b /home/pedro/Desktop/RIOT-Test-Arty/tests/hello-world/bin/hifive1/core/init.o
 .riscv.attributes
                0x00000000000000ac       0x2b /home/pedro/Desktop/RIOT-Test-Arty/tests/hello-world/bin/hifive1/core/sched.o
 .riscv.attributes
                0x00000000000000d7       0x2b /home/pedro/Desktop/RIOT-Test-Arty/tests/hello-world/bin/hifive1/core/thread.o
 .riscv.attributes
                0x0000000000000102       0x2b /home/pedro/Desktop/RIOT-Test-Arty/tests/hello-world/bin/hifive1/periph/gpio.o
 .riscv.attributes
                0x000000000000012d       0x2b /home/pedro/Desktop/RIOT-Test-Arty/tests/hello-world/bin/hifive1/periph/pm.o
 .riscv.attributes
                0x0000000000000158       0x2b /home/pedro/Desktop/RIOT-Test-Arty/tests/hello-world/bin/hifive1/riscv_common/irq_arch.o
 .riscv.attributes
                0x0000000000000183       0x29 /home/pedro/Desktop/RIOT-Test-Arty/tests/hello-world/bin/hifive1/riscv_common/start.o
 .riscv.attributes
                0x00000000000001ac       0x2b /home/pedro/Desktop/RIOT-Test-Arty/tests/hello-world/bin/hifive1/riscv_common/thread_arch.o
 .riscv.attributes
                0x00000000000001d7       0x2b /home/pedro/chipyard/riscv-tools-install/bin/../lib/gcc/riscv32-unknown-elf/9.2.0/../../../../riscv32-unknown-elf/lib/rv32imac/ilp32/libc.a(lib_a-init.o)
 .riscv.attributes
                0x0000000000000202       0x2b /home/pedro/chipyard/riscv-tools-install/bin/../lib/gcc/riscv32-unknown-elf/9.2.0/../../../../riscv32-unknown-elf/lib/rv32imac/ilp32/libc.a(lib_a-mallocr.o)
 .riscv.attributes
                0x000000000000022d       0x2b /home/pedro/chipyard/riscv-tools-install/bin/../lib/gcc/riscv32-unknown-elf/9.2.0/../../../../riscv32-unknown-elf/lib/rv32imac/ilp32/libc.a(lib_a-memcpy.o)
 .riscv.attributes
                0x0000000000000258       0x29 /home/pedro/chipyard/riscv-tools-install/bin/../lib/gcc/riscv32-unknown-elf/9.2.0/../../../../riscv32-unknown-elf/lib/rv32imac/ilp32/libc.a(lib_a-memset.o)
 .riscv.attributes
                0x0000000000000281       0x2b /home/pedro/chipyard/riscv-tools-install/bin/../lib/gcc/riscv32-unknown-elf/9.2.0/../../../../riscv32-unknown-elf/lib/rv32imac/ilp32/libc.a(lib_a-mlock.o)
 .riscv.attributes
                0x00000000000002ac       0x2b /home/pedro/chipyard/riscv-tools-install/bin/../lib/gcc/riscv32-unknown-elf/9.2.0/../../../../riscv32-unknown-elf/lib/rv32imac/ilp32/libc.a(lib_a-puts.o)
 .riscv.attributes
                0x00000000000002d7       0x2b /home/pedro/chipyard/riscv-tools-install/bin/../lib/gcc/riscv32-unknown-elf/9.2.0/../../../../riscv32-unknown-elf/lib/rv32imac/ilp32/libc.a(lib_a-reallocr.o)
 .riscv.attributes
                0x0000000000000302       0x2b /home/pedro/chipyard/riscv-tools-install/bin/../lib/gcc/riscv32-unknown-elf/9.2.0/../../../../riscv32-unknown-elf/lib/rv32imac/ilp32/libc.a(lib_a-sbrkr.o)
 .riscv.attributes
                0x000000000000032d       0x2b /home/pedro/chipyard/riscv-tools-install/bin/../lib/gcc/riscv32-unknown-elf/9.2.0/../../../../riscv32-unknown-elf/lib/rv32imac/ilp32/libc.a(lib_a-strlen.o)
 .riscv.attributes
                0x0000000000000358       0x2b /home/pedro/chipyard/riscv-tools-install/bin/../lib/gcc/riscv32-unknown-elf/9.2.0/../../../../riscv32-unknown-elf/lib/rv32imac/ilp32/libc.a(lib_a-wsetup.o)
 .riscv.attributes
                0x0000000000000383       0x2b /home/pedro/chipyard/riscv-tools-install/bin/../lib/gcc/riscv32-unknown-elf/9.2.0/../../../../riscv32-unknown-elf/lib/rv32imac/ilp32/libc.a(lib_a-fflush.o)
 .riscv.attributes
                0x00000000000003ae       0x2b /home/pedro/chipyard/riscv-tools-install/bin/../lib/gcc/riscv32-unknown-elf/9.2.0/../../../../riscv32-unknown-elf/lib/rv32imac/ilp32/libc.a(lib_a-findfp.o)
 .riscv.attributes
                0x00000000000003d9       0x2b /home/pedro/chipyard/riscv-tools-install/bin/../lib/gcc/riscv32-unknown-elf/9.2.0/../../../../riscv32-unknown-elf/lib/rv32imac/ilp32/libc.a(lib_a-freer.o)
 .riscv.attributes
                0x0000000000000404       0x2b /home/pedro/chipyard/riscv-tools-install/bin/../lib/gcc/riscv32-unknown-elf/9.2.0/../../../../riscv32-unknown-elf/lib/rv32imac/ilp32/libc.a(lib_a-fvwrite.o)
 .riscv.attributes
                0x000000000000042f       0x2b /home/pedro/chipyard/riscv-tools-install/bin/../lib/gcc/riscv32-unknown-elf/9.2.0/../../../../riscv32-unknown-elf/lib/rv32imac/ilp32/libc.a(lib_a-fwalk.o)
 .riscv.attributes
                0x000000000000045a       0x2b /home/pedro/chipyard/riscv-tools-install/bin/../lib/gcc/riscv32-unknown-elf/9.2.0/../../../../riscv32-unknown-elf/lib/rv32imac/ilp32/libc.a(lib_a-impure.o)
 .riscv.attributes
                0x0000000000000485       0x2b /home/pedro/chipyard/riscv-tools-install/bin/../lib/gcc/riscv32-unknown-elf/9.2.0/../../../../riscv32-unknown-elf/lib/rv32imac/ilp32/libc.a(lib_a-makebuf.o)
 .riscv.attributes
                0x00000000000004b0       0x2b /home/pedro/chipyard/riscv-tools-install/bin/../lib/gcc/riscv32-unknown-elf/9.2.0/../../../../riscv32-unknown-elf/lib/rv32imac/ilp32/libc.a(lib_a-memchr.o)
 .riscv.attributes
                0x00000000000004db       0x2b /home/pedro/chipyard/riscv-tools-install/bin/../lib/gcc/riscv32-unknown-elf/9.2.0/../../../../riscv32-unknown-elf/lib/rv32imac/ilp32/libc.a(lib_a-memmove-stub.o)
 .riscv.attributes
                0x0000000000000506       0x2b /home/pedro/chipyard/riscv-tools-install/bin/../lib/gcc/riscv32-unknown-elf/9.2.0/../../../../riscv32-unknown-elf/lib/rv32imac/ilp32/libc.a(lib_a-reent.o)
 .riscv.attributes
                0x0000000000000531       0x2b /home/pedro/chipyard/riscv-tools-install/bin/../lib/gcc/riscv32-unknown-elf/9.2.0/../../../../riscv32-unknown-elf/lib/rv32imac/ilp32/libc.a(lib_a-stdio.o)
 .riscv.attributes
                0x000000000000055c       0x2b /home/pedro/chipyard/riscv-tools-install/bin/../lib/gcc/riscv32-unknown-elf/9.2.0/../../../../riscv32-unknown-elf/lib/rv32imac/ilp32/libc.a(lib_a-writer.o)
 .riscv.attributes
                0x0000000000000587       0x2b /home/pedro/chipyard/riscv-tools-install/bin/../lib/gcc/riscv32-unknown-elf/9.2.0/../../../../riscv32-unknown-elf/lib/rv32imac/ilp32/libc.a(lib_a-closer.o)
 .riscv.attributes
                0x00000000000005b2       0x2b /home/pedro/chipyard/riscv-tools-install/bin/../lib/gcc/riscv32-unknown-elf/9.2.0/../../../../riscv32-unknown-elf/lib/rv32imac/ilp32/libc.a(lib_a-fclose.o)
 .riscv.attributes
                0x00000000000005dd       0x2b /home/pedro/chipyard/riscv-tools-install/bin/../lib/gcc/riscv32-unknown-elf/9.2.0/../../../../riscv32-unknown-elf/lib/rv32imac/ilp32/libc.a(lib_a-fstatr.o)
 .riscv.attributes
                0x0000000000000608       0x2b /home/pedro/chipyard/riscv-tools-install/bin/../lib/gcc/riscv32-unknown-elf/9.2.0/../../../../riscv32-unknown-elf/lib/rv32imac/ilp32/libc.a(lib_a-isattyr.o)
 .riscv.attributes
                0x0000000000000633       0x2b /home/pedro/chipyard/riscv-tools-install/bin/../lib/gcc/riscv32-unknown-elf/9.2.0/../../../../riscv32-unknown-elf/lib/rv32imac/ilp32/libc.a(lib_a-lseekr.o)
 .riscv.attributes
                0x000000000000065e       0x2b /home/pedro/chipyard/riscv-tools-install/bin/../lib/gcc/riscv32-unknown-elf/9.2.0/../../../../riscv32-unknown-elf/lib/rv32imac/ilp32/libc.a(lib_a-readr.o)
 .riscv.attributes
                0x0000000000000689       0x2b /home/pedro/chipyard/riscv-tools-install/bin/../lib/gcc/riscv32-unknown-elf/9.2.0/../../../../riscv32-unknown-elf/lib/rv32imac/ilp32/libgloss.a(sys_close.o)
 .riscv.attributes
                0x00000000000006b4       0x2b /home/pedro/chipyard/riscv-tools-install/bin/../lib/gcc/riscv32-unknown-elf/9.2.0/../../../../riscv32-unknown-elf/lib/rv32imac/ilp32/libgloss.a(sys_fstat.o)
 .riscv.attributes
                0x00000000000006df       0x2b /home/pedro/chipyard/riscv-tools-install/bin/../lib/gcc/riscv32-unknown-elf/9.2.0/../../../../riscv32-unknown-elf/lib/rv32imac/ilp32/libgloss.a(sys_isatty.o)
 .riscv.attributes
                0x000000000000070a       0x2b /home/pedro/chipyard/riscv-tools-install/bin/../lib/gcc/riscv32-unknown-elf/9.2.0/../../../../riscv32-unknown-elf/lib/rv32imac/ilp32/libgloss.a(sys_lseek.o)
 .riscv.attributes
                0x0000000000000735       0x2b /home/pedro/chipyard/riscv-tools-install/bin/../lib/gcc/riscv32-unknown-elf/9.2.0/../../../../riscv32-unknown-elf/lib/rv32imac/ilp32/libgloss.a(sys_read.o)
 .riscv.attributes
                0x0000000000000760       0x2b /home/pedro/chipyard/riscv-tools-install/bin/../lib/gcc/riscv32-unknown-elf/9.2.0/../../../../riscv32-unknown-elf/lib/rv32imac/ilp32/libgloss.a(sys_sbrk.o)
 .riscv.attributes
                0x000000000000078b       0x2b /home/pedro/chipyard/riscv-tools-install/bin/../lib/gcc/riscv32-unknown-elf/9.2.0/../../../../riscv32-unknown-elf/lib/rv32imac/ilp32/libgloss.a(sys_write.o)
 .riscv.attributes
                0x00000000000007b6       0x2b /home/pedro/chipyard/riscv-tools-install/bin/../lib/gcc/riscv32-unknown-elf/9.2.0/../../../../riscv32-unknown-elf/lib/rv32imac/ilp32/libgloss.a(sys_conv_stat.o)
 .riscv.attributes
                0x00000000000007e1       0x2b /home/pedro/chipyard/riscv-tools-install/bin/../lib/gcc/riscv32-unknown-elf/9.2.0/../../../../riscv32-unknown-elf/lib/rv32imac/ilp32/libc.a(lib_a-errno.o)

.debug_frame    0x0000000000000000      0x470
 .debug_frame   0x0000000000000000       0x2c /home/pedro/Desktop/RIOT-Test-Arty/tests/hello-world/bin/hifive1/application_hello-world/main.o
 .debug_frame   0x000000000000002c       0x20 /home/pedro/Desktop/RIOT-Test-Arty/tests/hello-world/bin/hifive1/auto_init/auto_init.o
 .debug_frame   0x000000000000004c       0x2c /home/pedro/Desktop/RIOT-Test-Arty/tests/hello-world/bin/hifive1/board/board.o
 .debug_frame   0x0000000000000078       0x5c /home/pedro/Desktop/RIOT-Test-Arty/tests/hello-world/bin/hifive1/core/init.o
 .debug_frame   0x00000000000000d4       0x70 /home/pedro/Desktop/RIOT-Test-Arty/tests/hello-world/bin/hifive1/core/sched.o
 .debug_frame   0x0000000000000144      0x15c /home/pedro/Desktop/RIOT-Test-Arty/tests/hello-world/bin/hifive1/core/thread.o
 .debug_frame   0x00000000000002a0       0x70 /home/pedro/Desktop/RIOT-Test-Arty/tests/hello-world/bin/hifive1/periph/gpio.o
 .debug_frame   0x0000000000000310       0x30 /home/pedro/Desktop/RIOT-Test-Arty/tests/hello-world/bin/hifive1/periph/pm.o
 .debug_frame   0x0000000000000340       0x60 /home/pedro/Desktop/RIOT-Test-Arty/tests/hello-world/bin/hifive1/riscv_common/irq_arch.o
 .debug_frame   0x00000000000003a0       0xd0 /home/pedro/Desktop/RIOT-Test-Arty/tests/hello-world/bin/hifive1/riscv_common/thread_arch.o

.debug_loc      0x0000000000000000      0xed1
 .debug_loc     0x0000000000000000       0x42 /home/pedro/Desktop/RIOT-Test-Arty/tests/hello-world/bin/hifive1/core/init.o
 .debug_loc     0x0000000000000042      0x1f0 /home/pedro/Desktop/RIOT-Test-Arty/tests/hello-world/bin/hifive1/core/sched.o
 .debug_loc     0x0000000000000232      0x78e /home/pedro/Desktop/RIOT-Test-Arty/tests/hello-world/bin/hifive1/core/thread.o
 .debug_loc     0x00000000000009c0      0x2ac /home/pedro/Desktop/RIOT-Test-Arty/tests/hello-world/bin/hifive1/periph/gpio.o
 .debug_loc     0x0000000000000c6c       0x97 /home/pedro/Desktop/RIOT-Test-Arty/tests/hello-world/bin/hifive1/riscv_common/irq_arch.o
 .debug_loc     0x0000000000000d03      0x1ce /home/pedro/Desktop/RIOT-Test-Arty/tests/hello-world/bin/hifive1/riscv_common/thread_arch.o
